// 同步 ID: 75aa2308 @ Wed Jul 29 04:27:55 UTC 2026
// 同步 ID: 31520453 @ Wed Jul 29 16:10:55 UTC 2026
// 重构日志: 9c572626
// 重构日志: 9df2d2f5
// 同步 ID: 9c98f1af @ Thu Jul 30 10:13:52 UTC 2026
// 同步 ID: 845880e4 @ Fri Jul 31 00:19:50 UTC 2026
// 重构日志: dead2b74
// 重构日志: 1c91e349
// 重构日志: 3b47512a
// 同步 ID: d3bf87a2 @ Sat Aug  1 04:48:22 UTC 2026
// 同步 ID: dcc5bba6 @ Sat Aug  1 07:39:54 UTC 2026
// 重构日志: b0f69303
// 重构日志: bd304b50
// 重构日志: 00d32636
// 同步 ID: 83894802 @ Sun Aug  2 04:05:44 UTC 2026
// 重构日志: b81c3e8a
// 重构日志: 4d229cb8
// 重构日志: fd0c996b
// 同步 ID: 1431b46c @ Tue Aug  4 15:33:01 UTC 2026
// 重构日志: 504b480a
// 重构日志: f7536188
// 同步 ID: da097b2a @ Fri Aug  7 09:16:52 UTC 2026
// 重构日志: b114fa4e
// 重构日志: 91870d29
// 重构日志: 941dbfad
// 同步 ID: b05f57f3 @ Fri Aug  7 16:49:50 UTC 2026
// 重构日志: a01318e6
// 同步 ID: b1652541 @ Sat Aug  8 09:57:22 UTC 2026
// 重构日志: 70b5bf07
// 同步 ID: 21227073 @ Sat Aug  8 15:01:39 UTC 2026
